Reusing configuration cache.

> Task :compileJava FAILED
.\gradlew.bat : C:\Users\emim
a\Desktop\Dev\BattleforgeClan
s\src\main\java\it\battleforg
e\clans\gui\impl\MembersGui.j
ava:157: error: cannot find 
symbol
In riga:1 car:1
+ .\gradlew.bat compileJava 
> build_output.txt 2>&1
+ ~~~~~~~~~~~~~~~~~~~~~~~~~~~
~~~~~~~~~~~~~~~~~~~~~~
    + CategoryInfo           
   : NotSpecified: (C:\User  
  s\emima\...not find symb   
 ol:String) [], RemoteExc    
eption
    + FullyQualifiedErrorId  
   : NativeCommandError
 
            if 
(event.isShiftClick() && 
canKick) {
                             
           ^
  symbol:   variable canKick
  location: class MembersGui
C:\Users\emima\Desktop\Dev\Ba
ttleforgeClans\src\main\java\
it\battleforge\clans\gui\impl
\MembersGui.java:171: error: 
cannot find symbol
            } else if 
(event.isLeftClick() && 
!event.isShiftClick() && 
isLeader) {
                             
                             
             ^
  symbol:   variable isLeader
  location: class MembersGui
Note: C:\Users\emima\Desktop\
Dev\BattleforgeClans\src\main
\java\it\battleforge\clans\gu
i\ItemBuilder.java uses or 
overrides a deprecated API.
Note: Recompile with 
-Xlint:deprecation for 
details.
2 errors

FAILURE: Build failed with 
an exception.

* What went wrong:
Execution failed for task 
':compileJava'.
> Compilation failed; see 
the compiler error output 
for details.

* Try:
> Run with --info option to 
get more log output.
> Run with --scan to get 
full insights.

BUILD FAILED in 1s
1 actionable task: 1 executed
Configuration cache entry reused.
